All manifests should match snapshot:
  1: |
    apiVersion: apps/v1
    kind: Deployment
    metadata:
      labels:
        app.kubernetes.io/instance: simple
        app.kubernetes.io/managed-by: Helm
        app.kubernetes.io/name: simple-worker
        app.kubernetes.io/version: 1.16.0
        helm.sh/chart: simple-worker-0.0.0
      name: simple
    spec:
      replicas: 1
      selector:
        matchLabels:
          app.kubernetes.io/instance: simple
          app.kubernetes.io/name: simple-worker
      strategy:
        type: Recreate
      template:
        metadata:
          labels:
            app.kubernetes.io/instance: simple
            app.kubernetes.io/name: simple-worker
        spec:
          containers:
            - env:
                - name: TEST
                  value: test
              image: test:1.1.1
              imagePullPolicy: IfNotPresent
              livenessProbe:
                exec:
                  command:
                    - echo
                    - ok
              name: simple
              readinessProbe:
                exec:
                  command:
                    - echo
                    - ok
              resources: {}
              securityContext: {}
              volumeMounts:
                - mountPath: /data
                  name: data
          securityContext: {}
          serviceAccountName: simple
          volumes:
            - name: data
              persistentVolumeClaim:
                claimName: simple-data
  2: |
    apiVersion: v1
    kind: PersistentVolumeClaim
    metadata:
      labels:
        app.kubernetes.io/instance: simple
        app.kubernetes.io/managed-by: Helm
        app.kubernetes.io/name: simple-worker
        app.kubernetes.io/version: 1.16.0
        helm.sh/chart: simple-worker-0.0.0
      name: simple-data
    spec:
      accessModes:
        - ReadWriteOnce
      resources:
        requests:
          storage: 1Gi
  3: |
    apiVersion: v1
    kind: ServiceAccount
    metadata:
      labels:
        app.kubernetes.io/instance: simple
        app.kubernetes.io/managed-by: Helm
        app.kubernetes.io/name: simple-worker
        app.kubernetes.io/version: 1.16.0
        helm.sh/chart: simple-worker-0.0.0
      name: simple
