All manifests should match snapshot:
  1: |
    apiVersion: batch/v1
    kind: CronJob
    metadata:
      labels:
        app.kubernetes.io/instance: simple
        app.kubernetes.io/managed-by: Helm
        app.kubernetes.io/name: simple-cronjob
        app.kubernetes.io/version: 1.16.0
        helm.sh/chart: simple-cronjob-0.0.0
      name: simple
    spec:
      concurrencyPolicy: Forbid
      jobTemplate:
        spec:
          template:
            metadata:
              labels:
                app.kubernetes.io/instance: simple
                app.kubernetes.io/name: simple-cronjob
            spec:
              containers:
                - env:
                    - name: TEST
                      value: test
                  image: test:1.1.1
                  imagePullPolicy: IfNotPresent
                  name: simple
                  resources: {}
                  securityContext: {}
                  volumeMounts:
                    - mountPath: /data
                      name: data
              restartPolicy: OnFailure
              securityContext: {}
              serviceAccountName: simple
              volumes:
                - name: data
                  persistentVolumeClaim:
                    claimName: simple-data
      schedule: '*/1 * * * *'
      timeZone: GMT
  2: |
    apiVersion: v1
    kind: PersistentVolumeClaim
    metadata:
      labels:
        app.kubernetes.io/instance: simple
        app.kubernetes.io/managed-by: Helm
        app.kubernetes.io/name: simple-cronjob
        app.kubernetes.io/version: 1.16.0
        helm.sh/chart: simple-cronjob-0.0.0
      name: simple-data
    spec:
      accessModes:
        - ReadWriteOnce
      resources:
        requests:
          storage: 1Gi
  3: |
    apiVersion: v1
    kind: ServiceAccount
    metadata:
      labels:
        app.kubernetes.io/instance: simple
        app.kubernetes.io/managed-by: Helm
        app.kubernetes.io/name: simple-cronjob
        app.kubernetes.io/version: 1.16.0
        helm.sh/chart: simple-cronjob-0.0.0
      name: simple
